[
  [
    "sleeknotestaticcontent.sleeknote.com",
    [
      1114405
    ]
  ],
  [
    "||js.driftt.com/include$script",
    [
      1114406
    ]
  ],
  [
    "||assets.ubembed.com/universal$script",
    [
      1114407
    ]
  ],
  [
    "||lightboxcdn.com/vendor$script",
    [
      1114408
    ]
  ],
  [
    "||mailocator.net/_/$script",
    [
      1114409
    ]
  ],
  [
    "cdn1.pdmntn.com",
    [
      1114410
    ]
  ],
  [
    "||static.mailerlite.com/js$script",
    [
      1114411
    ]
  ],
  [
    "||pmdstatic.net/bundle.php$script",
    [
      1114412
    ]
  ],
  [
    "||front.optimonk.com/public/$script",
    [
      1114413
    ]
  ],
  [
    "/wp-content/plugins/newsletter-leads",
    [
      1114414
    ]
  ],
  [
    "||downloads.mailchimp.com/js/signup-forms$script",
    [
      1114415
    ]
  ],
  [
    "||conduit.mailchimpapp.com/js/stores$script",
    [
      1114416
    ]
  ],
  [
    "||a.optmnstr.com/app/js/$script",
    [
      1114417
    ]
  ],
  [
    "||getsocial.io/client$script",
    [
      1114418
    ]
  ],
  [
    "||static.ctctcdn.com/js/signup-form-widget$script,domain=~centerforhealthsecurity.org",
    [
      1114419
    ]
  ],
  [
    "||cdn.justuno.com/mwgt$script",
    [
      1114420
    ]
  ],
  [
    "||a.mailmunch.co/app/$script",
    [
      1114421
    ]
  ],
  [
    "/newsletterPopup.js",
    [
      1114422
    ]
  ],
  [
    "/pmgnews/overlay/newsletter",
    [
      1114423
    ]
  ],
  [
    "||dotmailer-surveys.com/scripts/survey.js$script",
    [
      1114424
    ]
  ],
  [
    "||yieldify.com/yieldify/code.js$script",
    [
      1114425
    ]
  ],
  [
    "||widget.privy.com/assets/widget.js$script",
    [
      1114426
    ]
  ],
  [
    "sumo.b-cdn.net",
    [
      1114427
    ]
  ],
  [
    "||connect.nosto.com/include$script",
    [
      1114428
    ]
  ],
  [
    "||chimpstatic.com/mcjs-connected/js/users$script",
    [
      1114429
    ]
  ],
  [
    "||assets.pcrl.co/js/$script",
    [
      1114430
    ]
  ],
  [
    "/wp-content/plugins/email-subscribers/widget/es-widget-page.js",
    [
      1114431
    ]
  ],
  [
    "||youlead.pl/Scripts/Dynamic.js$script",
    [
      1114432
    ]
  ],
  [
    "||m8.mailplus.nl/genericservice$script",
    [
      1114433
    ]
  ],
  [
    "||restapi.mailplus.nl/integrationservice$script",
    [
      1114434
    ]
  ],
  [
    "||snrcdn.net/sdk/$script",
    [
      1114435
    ]
  ],
  [
    "||cdn.dynamicyield.com/api$script,domain=~haix.de|~bancofalabella.cl",
    [
      1114436
    ]
  ],
  [
    "||static.newsletter2go.com/utils.js$script",
    [
      1114437
    ]
  ],
  [
    "/widget/ecNewsletterPopup/*",
    [
      1114438
    ]
  ],
  [
    "||a.optmstr.com/app/js/$script",
    [
      1114439
    ]
  ],
  [
    "||api.autopilothq.com/anywhere/$script",
    [
      1114440
    ]
  ],
  [
    "||c.salecycle.com/osr/config$script",
    [
      1114441
    ]
  ],
  [
    "/wp-content/plugins/thrive-leads/*$domain=~itnator.net",
    [
      1114442
    ]
  ],
  [
    "/wp-content/plugins/bloom/*",
    [
      1114443
    ]
  ],
  [
    "||js.hsleadflows.net/leadflows.js$script",
    [
      1114444
    ]
  ],
  [
    "/clientlib-newsletter.js",
    [
      1114445
    ]
  ],
  [
    "||c.lytics.io/static/pathfora$script",
    [
      1114446
    ]
  ],
  [
    "email-signup-form-popup.js",
    [
      1114447
    ]
  ],
  [
    "||netpeak.cloud/source/js$script",
    [
      1114448
    ]
  ],
  [
    "||bunting.com/call$script",
    [
      1114449
    ]
  ],
  [
    "||cdn.connectif.cloud/cl1/client-script/$script",
    [
      1114450
    ]
  ],
  [
    "/essb-optin-booster.js",
    [
      1114451
    ]
  ],
  [
    "f.convertkit.com",
    [
      1114452
    ]
  ],
  [
    "api.morningcatch.net",
    [
      1114453
    ]
  ],
  [
    "||shopify.privy.com/widget.js$script",
    [
      1114454
    ]
  ],
  [
    "load.sumo.com",
    [
      1114455
    ]
  ],
  [
    "||cdn.listrakbi.com/scripts/script.js$script",
    [
      1114456
    ]
  ],
  [
    "/wp-content/plugins/dreamgrow-scroll-triggered-box/*",
    [
      1114457
    ]
  ],
  [
    "||d3bo67muzbfgtl.cloudfront.net/edrone$script",
    [
      1114458
    ]
  ],
  [
    "/newsletter_modals.min.",
    [
      1114459
    ]
  ],
  [
    "my.hellobar.com",
    [
      1114460
    ]
  ],
  [
    "||screenpopper.com/s-hub$script",
    [
      1114461
    ]
  ],
  [
    "||static.scarabresearch.com/wpjs$script",
    [
      1114462
    ]
  ],
  [
    "||cdn.swellrewards.com/loader$script",
    [
      1114463
    ]
  ],
  [
    "||lifterpopup.com/js/modal.js$script",
    [
      1114464
    ]
  ],
  [
    "||lpages.co/leadbox$script",
    [
      1114465
    ]
  ],
  [
    "||cdn.crall.io/t/client.js$script",
    [
      1114466
    ]
  ],
  [
    "||a.opmnstr.com/app/js/$script",
    [
      1114467
    ]
  ],
  [
    "||app2.salesmanago.pl/dynamic$script",
    [
      1114468
    ]
  ],
  [
    "||se.monetate.net/js/$script",
    [
      1114469
    ]
  ],
  [
    "||cdn.blueconic.net/hearst.js$script",
    [
      1114470
    ]
  ],
  [
    "/js/website/modal-newsletter~rc-module-newsletter",
    [
      1114471
    ]
  ],
  [
    "||cdn.omniconvert.com/js$script",
    [
      1114472
    ]
  ],
  [
    "||cdn.omniconvert.com/async/js$script",
    [
      1114473
    ]
  ],
  [
    "/frosmo.easy.js",
    [
      1114474
    ]
  ],
  [
    "||static-sb.com/js/sb-tracker.js$script",
    [
      1114475
    ]
  ],
  [
    "||mailmojo.no/sdk.js$script",
    [
      1114476
    ]
  ],
  [
    "/wp-content/popupally-pro-scripts",
    [
      1114477
    ]
  ],
  [
    "||media-inea.ipresso.pl/monitoridentification$script",
    [
      1114478
    ]
  ],
  [
    "/wp-content/plugins/mailoptin/*",
    [
      1114479
    ]
  ],
  [
    "||a.optnmnstr.com/app/js/$script",
    [
      1114480
    ]
  ],
  [
    "||static.popmechanic.ru/service/loader.js$script",
    [
      1114481
    ]
  ],
  [
    "static.zotabox.com",
    [
      1114482
    ]
  ],
  [
    "||marketbeat.com/scripts/modal/affiliatepopup.js$script",
    [
      1114483
    ]
  ],
  [
    "||widget.pico.tools/static/js/bundle.js$script",
    [
      1114484
    ]
  ],
  [
    "||powr.io/powr.js$script",
    [
      1114485
    ]
  ],
  [
    "/wp-content/plugins/layered-popups/*",
    [
      1114486
    ]
  ],
  [
    "/wp-content/plugins/mailchimp-for-wp/*",
    [
      1114487
    ]
  ],
  [
    "||bounceexchange.com/tag$script",
    [
      1114488
    ]
  ],
  [
    "tag.bounceexchange.com",
    [
      1114489
    ]
  ],
  [
    "||leadpages.net/leadboxes/current$script",
    [
      1114490
    ]
  ],
  [
    "||flodesk.com/universal$script",
    [
      1114491
    ]
  ],
  [
    "||activehosted.com/f/embed.php$script,domain=~renegade.global",
    [
      1114492
    ]
  ],
  [
    "/wp-content/plugins/99robots-optin-fire/*",
    [
      1114493
    ]
  ],
  [
    "||getresponse.com/view_webform$script",
    [
      1114494
    ]
  ],
  [
    "/gr-popups$script",
    [
      1114495
    ]
  ],
  [
    "||get.exitintel.com/load.js$script",
    [
      1114496
    ]
  ],
  [
    "/popup-by-supsystic/*",
    [
      1114497
    ]
  ],
  [
    "||cdn.jst.ai/mwgt$script",
    [
      1114498
    ]
  ],
  [
    "||milotree.com/container$script",
    [
      1114499
    ]
  ],
  [
    "/zaius-min.js",
    [
      1114500
    ]
  ],
  [
    "/wp-content/plugins/convertplug/*$~image",
    [
      1114501
    ]
  ],
  [
    "/wp-content/plugins/optin-monster/*",
    [
      1114502
    ]
  ],
  [
    ".wisepops.com/get-loader.js",
    [
      1114503
    ]
  ],
  [
    "api.exponea.com",
    [
      1114504
    ]
  ],
  [
    "/ouibounce.min.js",
    [
      1114505
    ]
  ],
  [
    "||bluecore.com/triggermail$script",
    [
      1114506
    ]
  ],
  [
    "||cloudiq.com/tag$script",
    [
      1114507
    ]
  ],
  [
    "||leadpages.net/leadbars/current/embed.js$script",
    [
      1114508
    ]
  ],
  [
    "||s.sloyalty.com/site_media$script",
    [
      1114509
    ]
  ],
  [
    "||klaviyo.com/onsite/js/vendors~signupForms$script",
    [
      1114510
    ]
  ],
  [
    "/vidstore-popups/assets/public/js/newsletter.min.js",
    [
      1114511
    ]
  ],
  [
    "||app-abd.marketo.com/js$script",
    [
      1114512
    ]
  ],
  [
    "||omappapi.com/app$script",
    [
      1114513
    ]
  ],
  [
    "tag.getdrip.com",
    [
      1114514
    ]
  ],
  [
    "||zoho.com/js/optin$script",
    [
      1114515
    ]
  ],
  [
    "/entries?content_type=staticContentBlock&fields.id=email-capture",
    [
      1114516
    ]
  ],
  [
    "||cloud-iq.com/cartrecovery/store.js$script",
    [
      1114517
    ]
  ],
  [
    "/axnewsletter.js",
    [
      1114518
    ]
  ],
  [
    "/wp-content/plugins/popupally",
    [
      1114519
    ]
  ],
  [
    "api.omappapi.com",
    [
      1114520
    ]
  ],
  [
    "/email-capture/email-capture-",
    [
      1114521
    ]
  ],
  [
    "||californiatimes.com/newsletter-campaign-manager$script",
    [
      1114522
    ]
  ],
  [
    "||quitsnap-blue.com/js/os_engine.js$script",
    [
      1114523
    ]
  ],
  [
    "/wp-content/plugins/convertpro/*",
    [
      1114524
    ]
  ],
  [
    "/wp-content/plugins/optin-revolution/*",
    [
      1114525
    ]
  ],
  [
    "||addthis.com/js/300/addthis_widget.js$script",
    [
      1114526
    ]
  ],
  [
    "api-cis.exponea.com",
    [
      1114527
    ]
  ],
  [
    "||api.traq.li/public/sdk$script",
    [
      1114528
    ]
  ],
  [
    "tracking.retargeting.biz",
    [
      1114529
    ]
  ],
  [
    "ping.contactpigeon.com",
    [
      1114530
    ]
  ],
  [
    "/newsletter-invite.js",
    [
      1114531
    ]
  ],
  [
    "/Action-Subscribe-2019.js",
    [
      1114532
    ]
  ],
  [
    "||convertbox.com/convertbox$script",
    [
      1114533
    ]
  ],
  [
    "||birdsend.co/assets/static/js/pixel/main.js$script",
    [
      1114534
    ]
  ],
  [
    "||hd.koloo.net/oo.js$script",
    [
      1114535
    ]
  ],
  [
    "||receiptful.com/scripts/shopify.js$script",
    [
      1114536
    ]
  ],
  [
    "t2.netsalesmedia.pl",
    [
      1114537
    ]
  ],
  [
    "content.govdelivery.com",
    [
      1114538
    ]
  ],
  [
    "api.pushnami.com",
    [
      1114539
    ]
  ],
  [
    "/js/deploy/syndicated-newsletter",
    [
      1114540
    ]
  ],
  [
    "||klaviyo.com/onsite/js/signup_forms$script,domain=~ufpro.com|~worldwidestereo.com|~salada.com",
    [
      1114541
    ]
  ],
  [
    "popup.popupsmart.com",
    [
      1114542
    ]
  ],
  [
    "/mol-fe-newsletter-popup/*",
    [
      1114543
    ]
  ],
  [
    "cdn.popt.in",
    [
      1114544
    ]
  ],
  [
    "||data.whizeo.com/widgets$script",
    [
      1114545
    ]
  ],
  [
    "||securedvisit.com/js/sv.js$script",
    [
      1114546
    ]
  ],
  [
    "||dev.visualwebsiteoptimizer.com/j.php$script",
    [
      1114547
    ]
  ],
  [
    "||convertkitqa.com/ckjs$script",
    [
      1114548
    ]
  ],
  [
    "||bounceexchange.com/assets/smart-tag$script",
    [
      1114549
    ]
  ],
  [
    "||adoric-om.com/adoric.js$script",
    [
      1114550
    ]
  ],
  [
    "/wp-content/plugins/woo-coupon-box/*",
    [
      1114551
    ]
  ],
  [
    "forms.convertkit.com",
    [
      1114552
    ]
  ],
  [
    "||convertkit.com/assets^$third-party",
    [
      1114553
    ]
  ],
  [
    "||sdks.automizely.com/conversions$script",
    [
      1114554
    ]
  ],
  [
    "cdn.attn.tv",
    [
      1114555
    ]
  ],
  [
    "||cdn.threadloom.com/ga$script",
    [
      1114556
    ]
  ],
  [
    "/js/website/modal-newsletter",
    [
      1114557
    ]
  ],
  [
    "/exponea.min.js",
    [
      1114558
    ]
  ],
  [
    "||newell.evergage.com/beacon$script",
    [
      1114559
    ]
  ],
  [
    "/evergage.min.js",
    [
      1114560
    ]
  ],
  [
    "/klaviyo_subscribe.js",
    [
      1114561
    ]
  ],
  [
    "||mailcampaigns.nl/interface/popup$script",
    [
      1114562
    ]
  ],
  [
    "/next-gen/dist/NewsletterPopup",
    [
      1114563
    ]
  ],
  [
    "forms.smsbump.com",
    [
      1114564
    ]
  ],
  [
    "/mod_motivatingcoupon/facebox/*",
    [
      1114565
    ]
  ],
  [
    "||static.redeal.se/widget/js/redeal.js$script",
    [
      1114566
    ]
  ],
  [
    "||cdn.optinly.net$third-party",
    [
      1114567
    ]
  ],
  [
    "/rg_smartpopup/*",
    [
      1114568
    ]
  ],
  [
    "/alert/email_subscribe/*",
    [
      1114569
    ]
  ],
  [
    "/arengu-newsletter.js",
    [
      1114570
    ]
  ],
  [
    "/popup-newsletter-$script",
    [
      1114571
    ]
  ],
  [
    "||assets.mailerlite.com^$script",
    [
      1114572
    ]
  ],
  [
    "/ps_emailsubscription.js",
    [
      1114573
    ]
  ],
  [
    "||embedded.wishpondpages.com$third-party,subdocument",
    [
      1114574
    ]
  ],
  [
    "/hs-web-interactive-$third-party,subdocument",
    [
      1114575
    ]
  ],
  [
    "/ht_newsletterpopup",
    [
      1114576
    ]
  ],
  [
    "/avada-popup.min.js",
    [
      1114577
    ]
  ],
  [
    "||connectif.cloud^$third-party",
    [
      1114578
    ]
  ],
  [
    "||tr.vitals.co^$third-party",
    [
      1114579
    ]
  ],
  [
    "||optimove.net^$third-party",
    [
      1114580
    ]
  ],
  [
    "||sail-horizon.com^$third-party",
    [
      1114581
    ]
  ],
  [
    "/assets/section-mailing-popup.",
    [
      1114582
    ]
  ],
  [
    "/kadence-conversions.",
    [
      1114583
    ]
  ],
  [
    "||postscript.io^$third-party",
    [
      1114584
    ]
  ],
  [
    "NotificationDisclaimerControl.js$domain=vontobel.com",
    [
      1114585
    ]
  ],
  [
    "list-builder.js$domain=wanderlust.co.uk",
    [
      1114586
    ]
  ],
  [
    "/amd_modules/newsletter-hover$domain=webmd.com",
    [
      1114587
    ]
  ],
  [
    "/politica-privacidade/lightbox$domain=toysrus.pt",
    [
      1114588
    ]
  ],
  [
    "/opentag-$domain=jet2.com",
    [
      1114589
    ]
  ],
  [
    "global-lightbox.js$domain=drschollsshoes.com",
    [
      1114590
    ]
  ],
  [
    "/wpp-popup-frontend.js$domain=globalvoices.org",
    [
      1114591
    ]
  ],
  [
    "/email.js$domain=tp-link.com",
    [
      1114592
    ]
  ],
  [
    "||ibt-mail.com/view_webform$script,domain=ibtimes.com",
    [
      1114593
    ]
  ],
  [
    "/lightboxform.js$domain=tips.net",
    [
      1114594
    ]
  ],
  [
    "/esm.js$domain=yamahamotorsports.com",
    [
      1114595
    ]
  ],
  [
    "/aiosp-jsonp.js$domain=kleren.com",
    [
      1114596
    ]
  ],
  [
    "/vol-modal/*$domain=thepaintstore.com",
    [
      1114597
    ]
  ],
  [
    "||imimg.com/js/reqForms.min.js$script,domain=indiamart.com",
    [
      1114598
    ]
  ],
  [
    "try.abtasty.com$domain=leparisien.fr",
    [
      1114599
    ]
  ],
  [
    "/Action-Subscribe$domain=naturalnews.com",
    [
      1114600
    ]
  ],
  [
    "/sharing/popover.js$domain=mymemory.co.uk",
    [
      1114601
    ]
  ],
  [
    "/popup/tsr$domain=superyachtnews.com",
    [
      1114602
    ]
  ],
  [
    "/simpleSignupManager.chunk.js$domain=manning.com",
    [
      1114603
    ]
  ],
  [
    "cdn-promote.weebly.com$domain=weebly.com",
    [
      1114604
    ]
  ],
  [
    "/acquisition-tag.js$domain=latribune.fr",
    [
      1114605
    ]
  ],
  [
    "/pharmapopin/*$domain=pharmasimple.com",
    [
      1114606
    ]
  ],
  [
    "/crm.js$domain=fujifilm-x.com",
    [
      1114607
    ]
  ],
  [
    "/sven_daspopup/*$domain=adler-farbenmeister.com",
    [
      1114608
    ]
  ],
  [
    "/PopupNewsletter/GetLayer$domain=yoox.com",
    [
      1114609
    ]
  ],
  [
    "/emailcollection/*$domain=motorsport.com",
    [
      1114610
    ]
  ],
  [
    "/popoverv2.js*$domain=britishcornershop.co.uk",
    [
      1114611
    ]
  ],
  [
    "/fp-web-flyout-widget.min.js^$domain=getfirepush.com",
    [
      1114612
    ]
  ],
  [
    "/tingle.$domain=arcade1up.com",
    [
      1114613
    ]
  ],
  [
    "||tinypass.com/api/tinypass.min.js^$domain=technologyreview.com",
    [
      1114614
    ]
  ],
  [
    "/SysConsentComponent.js$domain=netpeak.net",
    [
      1114615
    ]
  ],
  [
    "||cdn.p-n.io/pushly$script",
    [
      1114616
    ]
  ],
  [
    "||app3.emlgrid.com/static/sm.js$script",
    [
      1114617
    ]
  ],
  [
    "webpush-desktop.chunk.js",
    [
      1114618
    ]
  ],
  [
    "||push4site.com/Static/Script/$script",
    [
      1114619
    ]
  ],
  [
    "cdn.ghostmonitor.com",
    [
      1114620
    ]
  ],
  [
    "notify.hindustantimes.com",
    [
      1114621
    ]
  ],
  [
    "webpush.interia.pl",
    [
      1114622
    ]
  ],
  [
    ".izooto.com/scripts",
    [
      1114623
    ]
  ],
  [
    "js.pusher.com$domain=~itv.com|~lickd.co|~foliohd.com",
    [
      1114624
    ]
  ],
  [
    "||push-ad.com/integration.php$script",
    [
      1114625
    ]
  ],
  [
    "||cdn.pushassist.com/account/assets/$script",
    [
      1114626
    ]
  ],
  [
    "||gadgets.ndtv.com/static/desktop/js/notification_popup-min.js$script",
    [
      1114627
    ]
  ],
  [
    "pusherism.com",
    [
      1114628
    ]
  ],
  [
    "pushnest.com",
    [
      1114629
    ]
  ],
  [
    "||getpushmonkey.com/sdk/config$script",
    [
      1114630
    ]
  ],
  [
    "||cdn.onesignal.com/sdks$script",
    [
      1114631
    ]
  ],
  [
    "||pushpushgo.com/js$script",
    [
      1114632
    ]
  ],
  [
    "cdn.sendpulse.com$domain=~movie4k.eu",
    [
      1114633
    ]
  ],
  [
    "||salesmanago.pl/static/sm.js$script",
    [
      1114634
    ]
  ],
  [
    "cdn.pushcrew.com",
    [
      1114635
    ]
  ],
  [
    "/streamlined-push-plugin.production.min.js",
    [
      1114636
    ]
  ],
  [
    "app.push-ad.com",
    [
      1114637
    ]
  ],
  [
    "/pushnotification/service-worker-script.js",
    [
      1114638
    ]
  ],
  [
    "/sp-push-worker.js",
    [
      1114639
    ]
  ],
  [
    "95p5qep4aq.com",
    [
      1114640
    ]
  ],
  [
    "||snrcdn.net/sdk/$script",
    [
      1114641
    ]
  ],
  [
    "via.batch.com",
    [
      1114642
    ]
  ],
  [
    "||wonderpush.com/sdk/$script",
    [
      1114643
    ]
  ],
  [
    "clientcdn.pushengage.com",
    [
      1114644
    ]
  ],
  [
    "||web-sdk.urbanairship.com/notify/$script",
    [
      1114645
    ]
  ],
  [
    "api.sociaplus.com",
    [
      1114646
    ]
  ],
  [
    "/plugins/tmx-push/*",
    [
      1114647
    ]
  ],
  [
    "/firebase-messaging.js$domain=~dn.pt|~jn.pt",
    [
      1114648
    ]
  ],
  [
    "pushno.com",
    [
      1114649
    ]
  ],
  [
    "pushwhy.com",
    [
      1114650
    ]
  ],
  [
    "pushame.com",
    [
      1114651
    ]
  ],
  [
    "||voirfilms.ws/sw.js$script",
    [
      1114652
    ]
  ],
  [
    "||siteswithcontent.com/js/push$script",
    [
      1114653
    ]
  ],
  [
    "||cdn.moengage.com/webpush$script",
    [
      1114654
    ]
  ],
  [
    "||brandflow.net/static/general/push-init-code.js$script",
    [
      1114655
    ]
  ],
  [
    "||cleverpush.com/channel/loader$script",
    [
      1114656
    ]
  ],
  [
    "||static.getback.ch/clients$script",
    [
      1114657
    ]
  ],
  [
    "/PushNotifications.",
    [
      1114658
    ]
  ],
  [
    "cdn.pushowl.com",
    [
      1114659
    ]
  ],
  [
    "||accengage.net/pushweb/$script",
    [
      1114660
    ]
  ],
  [
    "||cdn.foxpush.net/sdk/foxpush_SDK$script",
    [
      1114661
    ]
  ],
  [
    "||js.appboycdn.com/web-sdk/$script",
    [
      1114662
    ]
  ],
  [
    "||cdn.taboola.com/libtrc/tmg-network/loader.js$script",
    [
      1114663
    ]
  ],
  [
    "/js/push_subscription.js",
    [
      1114664
    ]
  ],
  [
    "||pushwoosh.com/webpush$script",
    [
      1114665
    ]
  ],
  [
    "push_service-worker.js",
    [
      1114666
    ]
  ],
  [
    "0_ghpush_client.js",
    [
      1114667
    ]
  ],
  [
    "||pastoupt.com/ntfc.php$script",
    [
      1114668
    ]
  ],
  [
    "||pushsar.com/ntfc.php$script",
    [
      1114669
    ]
  ],
  [
    "sdk.jeeng.com",
    [
      1114670
    ]
  ],
  [
    "||d3bo67muzbfgtl.cloudfront.net/edrone$script",
    [
      1114671
    ]
  ],
  [
    "||admessage.support/system_domain.js$script",
    [
      1114672
    ]
  ],
  [
    "/push/js/sdk/insider-push-native-sdk.js",
    [
      1114673
    ]
  ],
  [
    "pharance.com",
    [
      1114674
    ]
  ],
  [
    "||pushance.com/ntfc.php$script",
    [
      1114675
    ]
  ],
  [
    "||tattepush.com/push.js$script",
    [
      1114676
    ]
  ],
  [
    ".contentsitesrv.com/js/push",
    [
      1114677
    ]
  ],
  [
    "||jattepush.com/push.js$script",
    [
      1114678
    ]
  ],
  [
    "||pushanert.com/ntfc.php$script",
    [
      1114679
    ]
  ],
  [
    "/web-push/init.min.js$domain=~finanzen.ch|~finanzen.net|~finanzen.at",
    [
      1114680
    ]
  ],
  [
    "||aimtell.com/trackpush/trackpush.min.js$script",
    [
      1114681
    ]
  ],
  [
    "||hmcfront.akamaized.net/hd/extra/assets/www/notification.$script",
    [
      1114682
    ]
  ],
  [
    "/webpush.js",
    [
      1114683
    ]
  ],
  [
    "||youlead.pl/ylwebpush.js$script",
    [
      1114684
    ]
  ],
  [
    "push.delivery.ethinking.de",
    [
      1114685
    ]
  ],
  [
    "/web-push.js",
    [
      1114686
    ]
  ],
  [
    "||freeclick.me/?pu=$script",
    [
      1114687
    ]
  ],
  [
    "||cdn.pushalert.co/integrate$script",
    [
      1114688
    ]
  ],
  [
    "||cdn.gravitec.net/storage$script",
    [
      1114689
    ]
  ],
  [
    ".izooto.com/optin",
    [
      1114690
    ]
  ],
  [
    "cdn.qgraph.io",
    [
      1114691
    ]
  ],
  [
    "sw.wpush.org",
    [
      1114692
    ]
  ],
  [
    "||cdn.pn.vg/c/ig/pushnews.min.js$script",
    [
      1114693
    ]
  ],
  [
    "||subscribers.com/assets/subscribers.js$script",
    [
      1114694
    ]
  ],
  [
    "/webpush-loader.js",
    [
      1114695
    ]
  ],
  [
    "app.wigzo.com",
    [
      1114696
    ]
  ],
  [
    "app.getbeamer.com",
    [
      1114697
    ]
  ],
  [
    "api.signalize.com",
    [
      1114698
    ]
  ],
  [
    "cdn.letreach.com",
    [
      1114699
    ]
  ],
  [
    "gg.faromen.online",
    [
      1114700
    ]
  ],
  [
    "/js/webpushr.app",
    [
      1114701
    ]
  ],
  [
    "||pushwoosh.com/json$script",
    [
      1114702
    ]
  ],
  [
    "||pushpushgo.com/scripts$script",
    [
      1114703
    ]
  ],
  [
    "||hrbpark.bid/pushJs$script",
    [
      1114704
    ]
  ],
  [
    "||webpushs.com/js/push$script",
    [
      1114705
    ]
  ],
  [
    "wwopenclick.space",
    [
      1114706
    ]
  ],
  [
    "iss.shopimind.com",
    [
      1114707
    ]
  ],
  [
    "||cdn.pn.vg/push$script",
    [
      1114708
    ]
  ],
  [
    "/webpush-production.js",
    [
      1114709
    ]
  ],
  [
    "cdn.notifyvisitors.com",
    [
      1114710
    ]
  ],
  [
    "||cdn.webpushr.com/app$script",
    [
      1114711
    ]
  ],
  [
    "t2.netsalesmedia.pl",
    [
      1114712
    ]
  ],
  [
    "api.pushnami.com",
    [
      1114713
    ]
  ],
  [
    "/OneSignalSDK",
    [
      1114714
    ]
  ],
  [
    "||aswpsdkus.com/notify$script",
    [
      1114715
    ]
  ],
  [
    "/web-push-notification.js",
    [
      1114716
    ]
  ],
  [
    "/nano-webpush-ui",
    [
      1114717
    ]
  ],
  [
    "cdn.pushmaster-cdn.xyz",
    [
      1114718
    ]
  ],
  [
    "cdn.netmera-web.com",
    [
      1114719
    ]
  ],
  [
    "/smio-push-notification/*",
    [
      1114720
    ]
  ],
  [
    "/BildirtSDKfiles.js",
    [
      1114721
    ]
  ],
  [
    "cdn.onepush.app",
    [
      1114722
    ]
  ],
  [
    "||truepush.com/sdk$script",
    [
      1114723
    ]
  ],
  [
    "||assets.emarsys.net/web-emarsys-sdk/*$script",
    [
      1114724
    ]
  ],
  [
    "||notifpush.com/scripts$script",
    [
      1114725
    ]
  ],
  [
    "||js.smct.io/*/notifications*$script",
    [
      1114726
    ]
  ],
  [
    "push/push*$script",
    [
      1114727
    ]
  ],
  [
    "||pushwoosh.com^",
    [
      1114728
    ]
  ],
  [
    "/pushnotifications^",
    [
      1114729
    ]
  ],
  [
    "||sendsay.ru/backend/push/*",
    [
      1114730
    ]
  ],
  [
    "/social_push_notifications/*",
    [
      1114731
    ]
  ],
  [
    "||pushpanda.io^$third-party",
    [
      1114732
    ]
  ],
  [
    "||potisni.me/js/enable-push.js$third-party",
    [
      1114733
    ]
  ],
  [
    "/_pushAllow.js",
    [
      1114734
    ]
  ],
  [
    "/clevertap.min.js",
    [
      1114735
    ]
  ],
  [
    "plugins/tfnotifier-wp/*",
    [
      1114736
    ]
  ],
  [
    "messaging/webpush*",
    [
      1114737
    ]
  ],
  [
    "/service-webpush-firebase.js",
    [
      1114738
    ]
  ],
  [
    "/js/push.js",
    [
      1114739
    ]
  ],
  [
    "/notification.*.js$domain=~qudosbank.com.au",
    [
      1114740
    ]
  ],
  [
    "||notix.io^$third-party",
    [
      1114741
    ]
  ],
  [
    "||pushouse.com^$third-party",
    [
      1114742
    ]
  ],
  [
    "||yottlyscript.com/push/*",
    [
      1114743
    ]
  ],
  [
    "/wzrk_dialog.min.js",
    [
      1114744
    ]
  ],
  [
    "||gr-cdn-e.eu/*/push-notification^$script",
    [
      1114745
    ]
  ],
  [
    "||dengage.com^$third-party",
    [
      1114746
    ]
  ],
  [
    "/sw.js$domain=pinterest.com",
    [
      1114747
    ]
  ],
  [
    "/public/spartanien/js/sw_handler$domain=spartanien.de",
    [
      1114748
    ]
  ],
  [
    "/pushes/notification.js$domain=rt.com",
    [
      1114749
    ]
  ],
  [
    "/js/subscriber$domain=mitula.pt",
    [
      1114750
    ]
  ],
  [
    "/firebase.js$domain=alibaba.com",
    [
      1114751
    ]
  ],
  [
    "/sw.js$domain=1337x.is",
    [
      1114752
    ]
  ],
  [
    "/sw.js$domain=1337x.to",
    [
      1114753
    ]
  ],
  [
    "push-main.js$domain=ndtv.com",
    [
      1114754
    ]
  ],
  [
    "/js/adNotice.js$domain=hardwarezone.com.sg",
    [
      1114755
    ]
  ],
  [
    "/push/*$domain=tut.by",
    [
      1114756
    ]
  ],
  [
    "/firebase.min.js$domain=azoresgetaways.com",
    [
      1114757
    ]
  ],
  [
    "/firebase.js$domain=tribunavalladolid.com",
    [
      1114758
    ]
  ],
  [
    "client-.js$domain=hoerbuch.us",
    [
      1114759
    ]
  ],
  [
    "/js/a.js$domain=allevents.in",
    [
      1114760
    ]
  ],
  [
    "notifi.min.js$domain=antyradio.pl",
    [
      1114761
    ]
  ],
  [
    "/app.js$domain=lightinthebox.com",
    [
      1114762
    ]
  ],
  [
    "/min/js/sw/*$domain=sputniknews.com",
    [
      1114763
    ]
  ],
  [
    "/clientt.js$domain=cript.to",
    [
      1114764
    ]
  ],
  [
    "wsNotification.js$domain=wondershare.com",
    [
      1114765
    ]
  ],
  [
    "||tags.tiqcdn.com/utag$script,domain=national-lottery.co.uk",
    [
      1114766
    ]
  ],
  [
    "/notification-topics.js^$domain=winnipegfreepress.com",
    [
      1114767
    ]
  ],
  [
    "nebula-cdn.kampyle.com",
    [
      1114768
    ]
  ],
  [
    "||turbo.qualaroo.com/c.js$script",
    [
      1114769
    ]
  ],
  [
    "||scripts.psyma.com/layer_question$script",
    [
      1114770
    ]
  ],
  [
    "w.usabilla.com",
    [
      1114771
    ]
  ],
  [
    "||static.hotjar.com/c/hotjar$script",
    [
      1114772
    ]
  ],
  [
    "||scripts.psyma.com/html/layer/json_question.php$script",
    [
      1114773
    ]
  ],
  [
    "||visualwebsiteoptimizer.com/va_survey$script",
    [
      1114774
    ]
  ],
  [
    "gateway.answerscloud.com",
    [
      1114775
    ]
  ],
  [
    "st.getsitecontrol.com",
    [
      1114776
    ]
  ],
  [
    "||survey.g.doubleclick.net/survey$script",
    [
      1114777
    ]
  ],
  [
    "/opiniac.js",
    [
      1114778
    ]
  ],
  [
    "||ssl.ceneo.pl/shops/$script",
    [
      1114779
    ]
  ],
  [
    "||cloud.netquest.sk/scripts/widget$script",
    [
      1114780
    ]
  ],
  [
    "||storage.googleapis.com/outfox/ocs/surveys/$script",
    [
      1114781
    ]
  ],
  [
    "||kameleoon.eu/kameleoon.js$script",
    [
      1114782
    ]
  ],
  [
    "||invitation.opinionbar.com/wit/popups$script",
    [
      1114783
    ]
  ],
  [
    "||neads.delivery/opinion-seed-embed.js$script",
    [
      1114784
    ]
  ],
  [
    "||collect.mopinion.com/assets/surveys/$script",
    [
      1114785
    ]
  ],
  [
    "/runtimejs/dist/survey/js/survey.js$domain=~alchemer.eu",
    [
      1114786
    ]
  ],
  [
    "||surveygizmobeacon.s3.amazonaws.com/beaconconfigs/$script",
    [
      1114787
    ]
  ],
  [
    "||cpx.smind.hr/Log/LogData$script",
    [
      1114788
    ]
  ],
  [
    "||widget.surveymonkey.com/collect$script,domain=~onboarding.italki.com",
    [
      1114789
    ]
  ],
  [
    "||cdn.feedbackify.com/f.js$script",
    [
      1114790
    ]
  ],
  [
    "||invitation.opinionbar.com/popups$script",
    [
      1114791
    ]
  ],
  [
    "/bundles/Scripts/OpinionLab.js",
    [
      1114792
    ]
  ],
  [
    "||survey.nuggad.net/c/layer-html$script",
    [
      1114793
    ]
  ],
  [
    "||ips-invite.iperceptions.com/invitations$script",
    [
      1114794
    ]
  ],
  [
    "/oo_engine.min.js",
    [
      1114795
    ]
  ],
  [
    "||userzoom.com/feedback$script",
    [
      1114796
    ]
  ],
  [
    "||invite.leanlab.co/invite/invite.js$script",
    [
      1114797
    ]
  ],
  [
    "||userreport.com/newsquest/launcher.js$script",
    [
      1114798
    ]
  ],
  [
    "siteintercept.qualtrics.com",
    [
      1114799
    ]
  ],
  [
    "||sandsiv.com/digi_runner.js?surveyId$script",
    [
      1114800
    ]
  ],
  [
    "||digitalfeedback.euro.confirmit.com/api$script",
    [
      1114801
    ]
  ],
  [
    "||taskanalytics.com/tm.js$script",
    [
      1114802
    ]
  ],
  [
    "popup.designtutkimus.fi",
    [
      1114803
    ]
  ],
  [
    "||guitaretab.com/static/js/hats$script",
    [
      1114804
    ]
  ],
  [
    "/v1/survey_invite.min.js",
    [
      1114805
    ]
  ],
  [
    "||app.alpheid.com/js/marketing_automation$script",
    [
      1114806
    ]
  ],
  [
    "||siteimproveanalytics.com/js/siteanalyze$script",
    [
      1114807
    ]
  ],
  [
    "||cdn.judge.me/shopify_v2.js$script",
    [
      1114808
    ]
  ],
  [
    "||static.yourcx.io/customers$script",
    [
      1114809
    ]
  ],
  [
    "||webankieta.pl/scripts/widget$script",
    [
      1114810
    ]
  ],
  [
    "popin.survey-xact.dk",
    [
      1114811
    ]
  ],
  [
    "||myaudience.de/sv/rifflejs.php$script",
    [
      1114812
    ]
  ],
  [
    "||survey.survicate.com/workspaces$script",
    [
      1114813
    ]
  ],
  [
    "||tryinteract.com/promotions/init.js$script",
    [
      1114814
    ]
  ],
  [
    "||scripts.psyma.com/scripts$script",
    [
      1114815
    ]
  ],
  [
    "||surveygizmo.eu/runtimejs/intercept$script",
    [
      1114816
    ]
  ],
  [
    "widgets.opinary.com",
    [
      1114817
    ]
  ],
  [
    "||uxfeedback.ru/widget.js$script",
    [
      1114818
    ]
  ],
  [
    "||e-satisfaction.com/dist/js/integration$script",
    [
      1114819
    ]
  ],
  [
    "||gateway.foresee.com$third-party",
    [
      1114820
    ]
  ],
  [
    "/vendor/opinionlab/*$domain=lenovo.com",
    [
      1114821
    ]
  ],
  [
    "survey.js$domain=medier24.no",
    [
      1114822
    ]
  ],
  [
    "/components-nps-survey$domain=spanishdict.com",
    [
      1114823
    ]
  ],
  [
    "ExitIntentModal.js$domain=stepstone.de",
    [
      1114824
    ]
  ],
  [
    "/surveys/*$domain=europa.eu",
    [
      1114825
    ]
  ],
  [
    "||visitor.reactful.com/dist/main$script",
    [
      1114826
    ]
  ],
  [
    "/popup/puppy.js$domain=sueddeutsche.de",
    [
      1114827
    ]
  ],
  [
    "||userreport.com/aperitif/launcher.js",
    [
      1114828
    ]
  ],
  [
    "||apps.veedio.it/js/videobox$script",
    [
      1114829
    ]
  ],
  [
    "/responsive-player/video-feature-sticky.js",
    [
      1114830
    ]
  ],
  [
    "||s-pt.ppstatic.pl/p/js/regionalne/plywajace_wideo.js$script",
    [
      1114831
    ]
  ],
  [
    "/js/compiled/atoms/article/sticky-video.js",
    [
      1114832
    ]
  ],
  [
    "||sdk.digitalbees.it/jssdk.js$script",
    [
      1114833
    ]
  ],
  [
    "||live.sekindo.com/live/liveView.php$script",
    [
      1114834
    ]
  ],
  [
    "||c.jsrdn.com/s/cs.js$script",
    [
      1114835
    ]
  ],
  [
    "||playwire.com/plugins/docky.min.js$script",
    [
      1114836
    ]
  ],
  [
    "||cdn.connatix.com/min/connatix.renderer.infeed.min.js$script",
    [
      1114837
    ]
  ],
  [
    "||ultimedia.com/api/widget/smart$script",
    [
      1114838
    ]
  ],
  [
    "||stream.playbuzz.com/embed/sdk.js$script",
    [
      1114839
    ]
  ],
  [
    "||delivery.youplay.se/load.js$script",
    [
      1114840
    ]
  ],
  [
    "embed.sendtonews.com",
    [
      1114841
    ]
  ],
  [
    "/wp-content/plugins/pmc-plugins/pmc-adm/*",
    [
      1114842
    ]
  ],
  [
    "||services.brid.tv/player$script",
    [
      1114843
    ]
  ],
  [
    "||mgid.com/js/wglibs/mgWidget$script",
    [
      1114844
    ]
  ],
  [
    "/stn-player.js$domain=titantv.com",
    [
      1114845
    ]
  ],
  [
    "||vplayer.enthusiastgaming.com/player/build/plugins/slideinview/*",
    [
      1114846
    ]
  ],
  [
    "/mol-adverts-delayed.js$domain=dailymail.co.uk",
    [
      1114847
    ]
  ],
  [
    "/twocol_article_autoplay/*$domain=belfasttelegraph.co.uk",
    [
      1114848
    ]
  ],
  [
    "players.brightcove.net$domain=uproxx.com",
    [
      1114849
    ]
  ],
  [
    "/coronaWidget5/*$domain=ibtimes.sg",
    [
      1114850
    ]
  ]
]